// Jest Snapshot v1, https://goo.gl/fbAQLP

exports[`renders correctly 1`] = `
<RCTSafeAreaView
  style={
    {
      "flex": 1,
    }
  }
>
  <BVLinearGradient
    colors={
      [
        4294967295,
        4294967295,
        4294967295,
        4294967295,
        4292205539,
      ]
    }
    endPoint={
      {
        "x": 0,
        "y": 1,
      }
    }
    locations={null}
    startPoint={
      {
        "x": 0,
        "y": 0,
      }
    }
    style={
      {
        "flex": 1,
      }
    }
  >
    <View
      accessibilityState={
        {
          "busy": undefined,
          "checked": undefined,
          "disabled": undefined,
          "expanded": undefined,
          "selected": undefined,
        }
      }
      accessible={true}
      focusable={true}
      onClick={[Function]}
      onResponderGrant={[Function]}
      onResponderMove={[Function]}
      onResponderRelease={[Function]}
      onResponderTerminate={[Function]}
      onResponderTerminationRequest={[Function]}
      onStartShouldSetResponder={[Function]}
      style={
        {
          "flex": 1,
        }
      }
    >
      <View
        onLayout={[Function]}
        style={
          [
            {
              "flex": 1,
            },
            {
              "paddingBottom": 0,
            },
          ]
        }
      >
        <View
          style={
            {
              "flex": 0.2,
            }
          }
        >
          <View
            style={
              {
                "flexDirection": "row",
              }
            }
          >
            <View
              style={
                {
                  "flexDirection": "row",
                  "justifyContent": "space-between",
                  "marginLeft": 37.5,
                  "marginTop": 71.25,
                  "width": 150,
                }
              }
            >
              <View
                accessibilityRole="button"
                accessibilityState={
                  {
                    "busy": undefined,
                    "checked": undefined,
                    "disabled": undefined,
                    "expanded": undefined,
                    "selected": undefined,
                  }
                }
                accessibilityValue={
                  {
                    "max": undefined,
                    "min": undefined,
                    "now": undefined,
                    "text": undefined,
                  }
                }
                accessible={true}
                collapsable={false}
                focusable={true}
                onClick={[Function]}
                onResponderGrant={[Function]}
                onResponderMove={[Function]}
                onResponderRelease={[Function]}
                onResponderTerminate={[Function]}
                onResponderTerminationRequest={[Function]}
                onStartShouldSetResponder={[Function]}
                style={
                  {
                    "opacity": 1,
                  }
                }
              >
                <Image
                  source={
                    {
                      "testUri": "../../../App/Assets/Login/BackIcon.png",
                    }
                  }
                  style={
                    {
                      "height": 75,
                      "width": 75,
                    }
                  }
                />
              </View>
              <View>
                <Text
                  style={
                    {
                      "color": "rgba(20, 57, 128, 1)",
                      "fontFamily": "LexendDeca-Light",
                      "fontSize": 15,
                      "marginTop": 8,
                    }
                  }
                >
                  sign_in.back
                </Text>
              </View>
            </View>
            <View
              style={
                {
                  "marginLeft": 390,
                  "marginTop": 71.25,
                }
              }
            >
              <View
                accessibilityRole="button"
                accessibilityState={
                  {
                    "busy": undefined,
                    "checked": undefined,
                    "disabled": undefined,
                    "expanded": undefined,
                    "selected": undefined,
                  }
                }
                accessibilityValue={
                  {
                    "max": undefined,
                    "min": undefined,
                    "now": undefined,
                    "text": undefined,
                  }
                }
                accessible={true}
                collapsable={false}
                focusable={true}
                onClick={[Function]}
                onResponderGrant={[Function]}
                onResponderMove={[Function]}
                onResponderRelease={[Function]}
                onResponderTerminate={[Function]}
                onResponderTerminationRequest={[Function]}
                onStartShouldSetResponder={[Function]}
                style={
                  {
                    "flexDirection": "row",
                    "opacity": 1,
                  }
                }
              >
                <Image
                  source={
                    {
                      "testUri": "../../../App/Assets/SplashSlider/Vi.png",
                    }
                  }
                  style={
                    {
                      "height": 70.3125,
                      "width": 112.5,
                    }
                  }
                />
                <Text
                  style={
                    {
                      "color": "rgba(27, 61, 118, 1)",
                      "fontFamily": "LexendDeca-Medium",
                      "fontSize": 20,
                      "marginLeft": 0,
                      "marginTop": 4,
                    }
                  }
                >
                  language.changeLanguage
                </Text>
              </View>
            </View>
          </View>
        </View>
        <View
          style={
            {
              "flex": 0.45,
            }
          }
        >
          <Image
            source={
              {
                "testUri": "../../../App/Assets/SplashSlider/Sidoc.png",
              }
            }
            style={
              {
                "alignSelf": "center",
                "height": 150,
                "marginTop": 106.72,
                "width": 375,
              }
            }
          />
          <Text
            style={
              {
                "alignSelf": "center",
                "color": "rgba(130, 130, 130, 1)",
                "fontSize": 13.5,
              }
            }
          >
            Document System Electronic
          </Text>
        </View>
        <Text
          style={
            {
              "color": "#143980",
              "flex": 0.15,
              "fontFamily": "LexendDeca-Medium",
              "fontSize": 25,
              "marginTop": -37.5,
              "textAlign": "center",
            }
          }
        >
          changepasssuccess.changepasssuccess
        </Text>
        <View
          style={
            {
              "flex": 0.36,
            }
          }
        >
          <Image
            source={
              {
                "testUri": "../../../App/Assets/ChangePassword/ChangePassSuccess.png",
              }
            }
            style={
              {
                "alignSelf": "center",
                "height": 135,
                "width": 112.5,
              }
            }
          />
          <View
            style={
              {
                "alignItems": "center",
                "marginTop": 30,
              }
            }
          >
            <Text
              style={
                {
                  "color": "#0E1E38",
                  "fontFamily": "LexendDeca-Light",
                  "fontSize": 18,
                }
              }
            >
              changepasssuccess.alertline1
            </Text>
            <Text
              style={
                {
                  "color": "#0E1E38",
                  "fontFamily": "LexendDeca-Light",
                  "fontSize": 18,
                }
              }
            >
              changepasssuccess.alertline2
            </Text>
          </View>
        </View>
      </View>
      <View
        style={
          {
            "alignSelf": "center",
            "height": 320.15999999999997,
          }
        }
      >
        <View
          accessibilityRole="button"
          accessibilityState={
            {
              "busy": undefined,
              "checked": undefined,
              "disabled": undefined,
              "expanded": undefined,
              "selected": undefined,
            }
          }
          accessibilityValue={
            {
              "max": undefined,
              "min": undefined,
              "now": undefined,
              "text": undefined,
            }
          }
          accessible={true}
          collapsable={false}
          focusable={true}
          onClick={[Function]}
          onResponderGrant={[Function]}
          onResponderMove={[Function]}
          onResponderRelease={[Function]}
          onResponderTerminate={[Function]}
          onResponderTerminationRequest={[Function]}
          onStartShouldSetResponder={[Function]}
          style={
            {
              "backgroundColor": "#143980",
              "borderRadius": 10,
              "marginTop": 146.74,
              "opacity": 1,
              "paddingHorizontal": 32,
              "paddingVertical": 12,
              "width": 262.5,
            }
          }
        >
          <Text
            style={
              {
                "alignSelf": "center",
                "color": "white",
                "fontFamily": "LexendDeca-Light",
              }
            }
          >
            changepasssuccess.button
          </Text>
        </View>
      </View>
    </View>
  </BVLinearGradient>
</RCTSafeAreaView>
`;
