// Jest Snapshot v1, https://goo.gl/fbAQLP

exports[`renders correctly 1`] = `
<View
  style={
    [
      {
        "backgroundColor": "white",
      },
      undefined,
      {
        "flex": 1,
      },
      undefined,
      {},
      {},
      {},
      undefined,
    ]
  }
>
  <View
    onLayout={[Function]}
    style={
      [
        {
          "bottom": 0,
          "left": 0,
          "position": "absolute",
          "right": 0,
          "top": 0,
        },
        {
          "paddingBottom": 0,
        },
      ]
    }
  />
</View>
`;
