// Jest Snapshot v1, https://goo.gl/fbAQLP

exports[`renders correctly 1`] = `
<RCTSafeAreaView>
  <View
    accessibilityRole="button"
    accessibilityState={
      {
        "busy": undefined,
        "checked": undefined,
        "disabled": undefined,
        "expanded": undefined,
        "selected": undefined,
      }
    }
    accessibilityValue={
      {
        "max": undefined,
        "min": undefined,
        "now": undefined,
        "text": undefined,
      }
    }
    accessible={true}
    collapsable={false}
    focusable={true}
    onClick={[Function]}
    onResponderGrant={[Function]}
    onResponderMove={[Function]}
    onResponderRelease={[Function]}
    onResponderTerminate={[Function]}
    onResponderTerminationRequest={[Function]}
    onStartShouldSetResponder={[Function]}
    style={
      {
        "flex": 1,
        "opacity": 1,
      }
    }
  >
    <Text
      style={
        [
          {
            "backgroundColor": "transparent",
            "color": "#20303C",
            "textAlign": "left",
          },
          undefined,
          undefined,
          undefined,
          undefined,
          {},
          undefined,
          undefined,
          undefined,
          undefined,
        ]
      }
      text-primary5={true}
    >
      Transfer
    </Text>
  </View>
</RCTSafeAreaView>
`;
